[ 12%] Building CXX object CMakeFiles/test_session.dir/tests/test_session.cpp.o
[ 25%] Building CXX object CMakeFiles/pi.dir/src/main.cpp.o
[ 37%] Building CXX object CMakeFiles/test_tools.dir/tests/test_tools.cpp.o
[ 50%] Building CXX object CMakeFiles/test_loop_offline.dir/tests/test_loop_offline.cpp.o
In file included from /workspace/src/core/jsonutil.hpp:6,
                 from /workspace/src/core/session.hpp:4,
                 from /workspace/tests/test_session.cpp:1:
/workspace/vendor/json.h:62: warning: "json_weak" redefined
   62 | #define json_weak JSON_ATTRIBUTE(weak)
      | 
/workspace/src/core/jsonutil.hpp:4: note: this is the location of the previous definition
    4 | #define json_weak __attribute__((unused))  // header-only use: silence weak-symbol attr
      | 
In file included from /workspace/src/core/jsonutil.hpp:6,
                 from /workspace/src/core/tools.hpp:4,
                 from /workspace/tests/test_tools.cpp:1:
/workspace/vendor/json.h:62: warning: "json_weak" redefined
   62 | #define json_weak JSON_ATTRIBUTE(weak)
      | 
/workspace/src/core/jsonutil.hpp:4: note: this is the location of the previous definition
    4 | #define json_weak __attribute__((unused))  // header-only use: silence weak-symbol attr
      | 
In file included from /workspace/src/core/jsonutil.hpp:6,
                 from /workspace/src/core/session.hpp:4,
                 from /workspace/src/core/context.hpp:4,
                 from /workspace/src/core/agent.hpp:3,
                 from /workspace/tests/test_loop_offline.cpp:4:
/workspace/vendor/json.h:62: warning: "json_weak" redefined
   62 | #define json_weak JSON_ATTRIBUTE(weak)
      | 
/workspace/src/core/jsonutil.hpp:4: note: this is the location of the previous definition
    4 | #define json_weak __attribute__((unused))  // header-only use: silence weak-symbol attr
      | 
In file included from /workspace/src/core/jsonutil.hpp:6,
                 from /workspace/src/core/session.hpp:4,
                 from /workspace/src/core/context.hpp:4,
                 from /workspace/src/core/agent.hpp:3,
                 from /workspace/src/main.cpp:4:
/workspace/vendor/json.h:62: warning: "json_weak" redefined
   62 | #define json_weak JSON_ATTRIBUTE(weak)
      | 
/workspace/src/core/jsonutil.hpp:4: note: this is the location of the previous definition
    4 | #define json_weak __attribute__((unused))  // header-only use: silence weak-symbol attr
      | 
/workspace/tests/test_loop_offline.cpp:31:90: error: stray ‘\’ in program
   31 |              << "\\\\u002ftmp\\\\u002fpi_e2e.txt" /* /tmp/pi_e2e.txt */ << "\\\"" }}]}}]}\n\n"
      |                                                                                          ^
/workspace/tests/test_loop_offline.cpp:31:92: error: stray ‘\’ in program
   31 |              << "\\\\u002ftmp\\\\u002fpi_e2e.txt" /* /tmp/pi_e2e.txt */ << "\\\"" }}]}}]}\n\n"
      |                                                                                            ^
/workspace/tests/test_loop_offline.cpp:31:94: warning: missing terminating " character
   31 |              << "\\\\u002ftmp\\\\u002fpi_e2e.txt" /* /tmp/pi_e2e.txt */ << "\\\"" }}]}}]}\n\n"
      |                                                                                              ^
/workspace/tests/test_loop_offline.cpp:31:94: error: missing terminating " character
/workspace/src/core/tools.hpp: In lambda function:
/workspace/src/core/tools.hpp:126:55: error: too many arguments to function ‘std::string pi::jarg(json_value_s*, const char*)’
  126 |         std::string pat=jarg(d.root,"pattern"), p=jarg(d.root,"path",cwd);
      |                                                   ~~~~^~~~~~~~~~~~~~~~~~~
/workspace/src/core/tools.hpp:26:20: note: declared here
   26 | inline std::string jarg(json_value_s* root, const char* key) {
      |                    ^~~~
/workspace/src/core/tools.hpp: In lambda function:
/workspace/src/core/tools.hpp:136:50: error: too many arguments to function ‘std::string pi::jarg(json_value_s*, const char*)’
  136 |         std::string g=jarg(d.root,"glob"), p=jarg(d.root,"path",cwd);
      |                                              ~~~~^~~~~~~~~~~~~~~~~~~
/workspace/src/core/tools.hpp:26:20: note: declared here
   26 | inline std::string jarg(json_value_s* root, const char* key) {
      |                    ^~~~
make[2]: *** [CMakeFiles/test_tools.dir/build.make:76: CMakeFiles/test_tools.dir/tests/test_tools.cpp.o] Error 1
make[1]: *** [CMakeFiles/Makefile2:141: CMakeFiles/test_tools.dir/all] Error 2
make[1]: *** Waiting for unfinished jobs....
In file included from /workspace/src/core/context.hpp:5:
/workspace/src/core/tools.hpp: In lambda function:
/workspace/src/core/tools.hpp:126:55: error: too many arguments to function ‘std::string pi::jarg(json_value_s*, const char*)’
  126 |         std::string pat=jarg(d.root,"pattern"), p=jarg(d.root,"path",cwd);
      |                                                   ~~~~^~~~~~~~~~~~~~~~~~~
/workspace/src/core/tools.hpp:26:20: note: declared here
   26 | inline std::string jarg(json_value_s* root, const char* key) {
      |                    ^~~~
/workspace/src/core/tools.hpp: In lambda function:
/workspace/src/core/tools.hpp:136:50: error: too many arguments to function ‘std::string pi::jarg(json_value_s*, const char*)’
  136 |         std::string g=jarg(d.root,"glob"), p=jarg(d.root,"path",cwd);
      |                                              ~~~~^~~~~~~~~~~~~~~~~~~
/workspace/src/core/tools.hpp:26:20: note: declared here
   26 | inline std::string jarg(json_value_s* root, const char* key) {
      |                    ^~~~
In file included from /workspace/src/core/context.hpp:5:
/workspace/src/core/tools.hpp: In lambda function:
/workspace/src/core/tools.hpp:126:55: error: too many arguments to function ‘std::string pi::jarg(json_value_s*, const char*)’
  126 |         std::string pat=jarg(d.root,"pattern"), p=jarg(d.root,"path",cwd);
      |                                                   ~~~~^~~~~~~~~~~~~~~~~~~
/workspace/src/core/tools.hpp:26:20: note: declared here
   26 | inline std::string jarg(json_value_s* root, const char* key) {
      |                    ^~~~
/workspace/src/core/tools.hpp: In lambda function:
/workspace/src/core/tools.hpp:136:50: error: too many arguments to function ‘std::string pi::jarg(json_value_s*, const char*)’
  136 |         std::string g=jarg(d.root,"glob"), p=jarg(d.root,"path",cwd);
      |                                              ~~~~^~~~~~~~~~~~~~~~~~~
/workspace/src/core/tools.hpp:26:20: note: declared here
   26 | inline std::string jarg(json_value_s* root, const char* key) {
      |                    ^~~~
/workspace/tests/test_loop_offline.cpp: In lambda function:
/workspace/tests/test_loop_offline.cpp:31:82: error: expected ‘;’ before ‘}’ token
   31 |              << "\\\\u002ftmp\\\\u002fpi_e2e.txt" /* /tmp/pi_e2e.txt */ << "\\\"" }}]}}]}\n\n"
      |                                                                                  ^~
      |                                                                                  ;
/workspace/tests/test_loop_offline.cpp: In function ‘void start_mock(const char*)’:
/workspace/tests/test_loop_offline.cpp:31:85: error: expected ‘)’ before ‘]’ token
   31 |              << "\\\\u002ftmp\\\\u002fpi_e2e.txt" /* /tmp/pi_e2e.txt */ << "\\\"" }}]}}]}\n\n"
      |                                                                                     ^
      |                                                                                     )
/workspace/tests/test_loop_offline.cpp:17:11: note: to match this ‘(’
   17 |   svr.Post("/v1/chat/completions", [](const httplib::Request& req, httplib::Response& res) {
      |           ^
/workspace/tests/test_loop_offline.cpp: At global scope:
/workspace/tests/test_loop_offline.cpp:31:87: error: expected declaration before ‘}’ token
   31 |              << "\\\\u002ftmp\\\\u002fpi_e2e.txt" /* /tmp/pi_e2e.txt */ << "\\\"" }}]}}]}\n\n"
      |                                                                                       ^
/workspace/tests/test_loop_offline.cpp:31:88: error: expected unqualified-id before ‘]’ token
   31 |              << "\\\\u002ftmp\\\\u002fpi_e2e.txt" /* /tmp/pi_e2e.txt */ << "\\\"" }}]}}]}\n\n"
      |                                                                                        ^
/workspace/tests/test_loop_offline.cpp:31:89: error: expected declaration before ‘}’ token
   31 |              << "\\\\u002ftmp\\\\u002fpi_e2e.txt" /* /tmp/pi_e2e.txt */ << "\\\"" }}]}}]}\n\n"
      |                                                                                         ^
/workspace/tests/test_loop_offline.cpp:31:91: error: ‘n’ does not name a type
   31 |              << "\\\\u002ftmp\\\\u002fpi_e2e.txt" /* /tmp/pi_e2e.txt */ << "\\\"" }}]}}]}\n\n"
      |                                                                                           ^
/workspace/tests/test_loop_offline.cpp:35:5: error: expected declaration before ‘}’ token
   35 |     } else {
      |     ^
/workspace/tests/test_loop_offline.cpp:35:7: error: expected unqualified-id before ‘else’
   35 |     } else {
      |       ^~~~
/workspace/tests/test_loop_offline.cpp:40:24: error: ‘chunks’ was not declared in this scope
   40 |     std::string body = chunks.str();
      |                        ^~~~~~
/workspace/tests/test_loop_offline.cpp:41:5: error: ‘res’ does not name a type
   41 |     res.set_content_provider("text/event-stream",
      |     ^~~
/workspace/tests/test_loop_offline.cpp:44:8: error: expected unqualified-id before ‘)’ token
   44 |       });
      |        ^
/workspace/tests/test_loop_offline.cpp:45:3: error: expected declaration before ‘}’ token
   45 |   });
      |   ^
/workspace/tests/test_loop_offline.cpp:45:4: error: expected unqualified-id before ‘)’ token
   45 |   });
      |    ^
/workspace/tests/test_loop_offline.cpp:46:3: error: ‘svr’ does not name a type
   46 |   svr.listen("127.0.0.1", atoi(port));
      |   ^~~
/workspace/tests/test_loop_offline.cpp:47:1: error: expected declaration before ‘}’ token
   47 | }
      | ^
[ 62%] Linking CXX executable test_session
[ 62%] Built target test_session
/workspace/src/main.cpp: In function ‘int main(int, char**)’:
/workspace/src/main.cpp:45:36: error: expected unqualified-id before ‘&’ token
   45 |   } catch (const cxxopts::Exception& e) {
      |                                    ^
/workspace/src/main.cpp:45:36: error: expected ‘)’ before ‘&’ token
   45 |   } catch (const cxxopts::Exception& e) {
      |           ~                        ^
      |                                    )
/workspace/src/main.cpp:45:36: error: expected ‘{’ before ‘&’ token
/workspace/src/main.cpp:45:38: error: ‘e’ was not declared in this scope
   45 |   } catch (const cxxopts::Exception& e) {
      |                                      ^
/workspace/src/main.cpp: In lambda function:
/workspace/src/main.cpp:143:61: error: no matching function for call to ‘std::__cxx11::basic_ostringstream<char>::basic_ostringstream(std::string*)’
  143 |         std::string out_buf; std::ostringstream cap(&out_buf);
      |                                                             ^
In file included from /workspace/vendor/cxxopts.hpp:39,
                 from /workspace/src/main.cpp:3:
/usr/include/c++/12/sstream:843:7: note: candidate: ‘std::__cxx11::basic_ostringstream<_CharT, _Traits, _Alloc>::basic_ostringstream(std::__cxx11::basic_ostringstream<_CharT, _Traits, _Alloc>&&) [with _CharT = char; _Traits = std::char_traits<char>; _Alloc = std::allocator<char>]’
  843 |       basic_ostringstream(basic_ostringstream&& __rhs)
      |       ^~~~~~~~~~~~~~~~~~~
/usr/include/c++/12/sstream:843:49: note:   no known conversion for argument 1 from ‘std::string*’ {aka ‘std::__cxx11::basic_string<char>*’} to ‘std::__cxx11::basic_ostringstream<char>&&’
  843 |       basic_ostringstream(basic_ostringstream&& __rhs)
      |                           ~~~~~~~~~~~~~~~~~~~~~~^~~~~
/usr/include/c++/12/sstream:826:7: note: candidate: ‘std::__cxx11::basic_ostringstream<_CharT, _Traits, _Alloc>::basic_ostringstream(const __string_type&, std::ios_base::openmode) [with _CharT = char; _Traits = std::char_traits<char>; _Alloc = std::allocator<char>; __string_type = std::__cxx11::basic_string<char>; std::ios_base::openmode = std::ios_base::openmode]’
  826 |       basic_ostringstream(const __string_type& __str,
      |       ^~~~~~~~~~~~~~~~~~~
/usr/include/c++/12/sstream:826:48: note:   no known conversion for argument 1 from ‘std::string*’ {aka ‘std::__cxx11::basic_string<char>*’} to ‘const std::__cxx11::basic_ostringstream<char>::__string_type&’ {aka ‘const std::__cxx11::basic_string<char>&’}
  826 |       basic_ostringstream(const __string_type& __str,
      |                           ~~~~~~~~~~~~~~~~~~~~~^~~~~
/usr/include/c++/12/sstream:808:7: note: candidate: ‘std::__cxx11::basic_ostringstream<_CharT, _Traits, _Alloc>::basic_ostringstream(std::ios_base::openmode) [with _CharT = char; _Traits = std::char_traits<char>; _Alloc = std::allocator<char>; std::ios_base::openmode = std::ios_base::openmode]’
  808 |       basic_ostringstream(ios_base::openmode __mode)
      |       ^~~~~~~~~~~~~~~~~~~
/usr/include/c++/12/sstream:808:46: note:   no known conversion for argument 1 from ‘std::string*’ {aka ‘std::__cxx11::basic_string<char>*’} to ‘std::ios_base::openmode’
  808 |       basic_ostringstream(ios_base::openmode __mode)
      |                           ~~~~~~~~~~~~~~~~~~~^~~~~~
/usr/include/c++/12/sstream:791:7: note: candidate: ‘std::__cxx11::basic_ostringstream<_CharT, _Traits, _Alloc>::basic_ostringstream() [with _CharT = char; _Traits = std::char_traits<char>; _Alloc = std::allocator<char>]’
  791 |       basic_ostringstream()
      |       ^~~~~~~~~~~~~~~~~~~
/usr/include/c++/12/sstream:791:7: note:   candidate expects 0 arguments, 1 provided
make[2]: *** [CMakeFiles/test_loop_offline.dir/build.make:76: CMakeFiles/test_loop_offline.dir/tests/test_loop_offline.cpp.o] Error 1
make[1]: *** [CMakeFiles/Makefile2:167: CMakeFiles/test_loop_offline.dir/all] Error 2
make[2]: *** [CMakeFiles/pi.dir/build.make:76: CMakeFiles/pi.dir/src/main.cpp.o] Error 1
make[1]: *** [CMakeFiles/Makefile2:89: CMakeFiles/pi.dir/all] Error 2
make: *** [Makefile:101: all] Error 2
